Microchip Technology Inc, v3.21 (B)

Tool Name:
  c:\program files\microchip\xc-dsc\v3.21\bin\bin\..\bin/elf-ld.exe

Command:
  -p33EP256MC506 \
  --mdfp=C:/Users/M77783/.mchp_packs/Microchip/dsPIC33E-GM-GP-MC-GU-MU_DFP/1.6.297/xc16 \
  -o \
  dist/default/production/sample-mb-33ep256mc506-mclv2.X.production.elf \
  -Lc:/program files/microchip/xc-dsc/v3.21/bin/bin/.. \
  -LC:/Users/M77783/.mchp_packs/Microchip/dsPIC33E-GM-GP-MC-GU-MU_DFP/1.6.297/xc16/bin/../support/PIC24E/gld \
  -LC:/Users/M77783/.mchp_packs/Microchip/dsPIC33E-GM-GP-MC-GU-MU_DFP/1.6.297/xc16/bin/../support/dsPIC33E/gld \
  -Lc:/program files/microchip/xc-dsc/v3.21/bin/bin/../../lib \
  -Lc:/program files/microchip/xc-dsc/v3.21/bin/bin/../../support/dsPIC30F/gld \
  -Lc:/program files/microchip/xc-dsc/v3.21/bin/bin/../../support/dsPIC33C/gld \
  -Lc:/program files/microchip/xc-dsc/v3.21/bin/bin/../../support/dsPIC33E/gld \
  -Lc:/program files/microchip/xc-dsc/v3.21/bin/bin/../../support/dsPIC33A/gld \
  -Lc:/program files/microchip/xc-dsc/v3.21/bin/bin/../../support/dsPIC33F/gld \
  build/default/production/mcc_generated_files/tmr1.o \
  build/default/production/mcc_generated_files/uart1.o \
  build/default/production/mcc_generated_files/tmr2.o \
  build/default/production/mcc_generated_files/reset.o \
  build/default/production/mcc_generated_files/system.o \
  build/default/production/mcc_generated_files/adc1.o \
  build/default/production/mcc_generated_files/clock.o \
  build/default/production/mcc_generated_files/interrupt_manager.o \
  build/default/production/mcc_generated_files/pwm.o \
  build/default/production/mcc_generated_files/where_was_i.o \
  build/default/production/mcc_generated_files/traps.o \
  build/default/production/mcc_generated_files/mcc.o \
  build/default/production/mcc_generated_files/pin_manager.o \
  build/default/production/main.o \
  build/default/production/mcc_generated_files/motorBench/test_harness.o \
  build/default/production/mcc_generated_files/motorBench/stall_detect.o \
  build/default/production/mcc_generated_files/motorBench/metadata/data_model_snapshot.o \
  build/default/production/mcc_generated_files/motorBench/mcaf_main.o \
  build/default/production/mcc_generated_files/motorBench/test_harness_timestamps.o \
  build/default/production/mcc_generated_files/motorBench/startup.o \
  build/default/production/mcc_generated_files/motorBench/hal/mcaf_pin_manager.o \
  build/default/production/mcc_generated_files/motorBench/fault_handle.o \
  build/default/production/mcc_generated_files/motorBench/mcaf_sample_application.o \
  build/default/production/mcc_generated_files/motorBench/ui.o \
  build/default/production/mcc_generated_files/motorBench/monitor.o \
  build/default/production/mcc_generated_files/motorBench/hal/qei1.o \
  build/default/production/mcc_generated_files/motorBench/isr.o \
  build/default/production/mcc_generated_files/motorBench/system_state.o \
  build/default/production/mcc_generated_files/motorBench/current_measure.o \
  build/default/production/mcc_generated_files/motorBench/board_service.o \
  build/default/production/mcc_generated_files/motorBench/foc.o \
  build/default/production/mcc_generated_files/motorBench/mcapi.o \
  build/default/production/mcc_generated_files/motorBench/gate_drive.o \
  build/default/production/mcc_generated_files/motorBench/fault_detect.o \
  build/default/production/mcc_generated_files/motorBench/commutation/pll.o \
  build/default/production/mcc_generated_files/motorBench/mcaf_traps.o \
  build/default/production/mcc_generated_files/motorBench/diagnostics.o \
  build/default/production/mcc_generated_files/motorBench/system_init.o \
  build/default/production/mcc_generated_files/motorBench/math_asm.o \
  build/default/production/mcc_generated_files/motorBench/sat_PI.o \
  build/default/production/mcc_generated_files/motorBench/parameters/init_params.o \
  build/default/production/mcc_generated_files/motorBench/recover.o \
  build/default/production/mcc_generated_files/motorBench/state_machine.o \
  build/default/production/mcc_generated_files/motorBench/hal/hardware_access_functions.o \
  build/default/production/mcc_generated_files/motorBench/adc_compensation.o \
  build/default/production/mcc_generated_files/motorBench/commutation.o \
  mcc_generated_files\motorBench\library\mc-library\libmotor_control_dspic-elf.a \
  mcc_generated_files\motorBench\library\x2cscope\libx2cscope-dspic-elf.a \
  --local-stack \
  --defsym=__MPLAB_BUILD=1 \
  -Tp33EP256MC506.gld.00 \
  --stack=16 \
  --check-sections \
  --data-init \
  --pack-data \
  --handles \
  --isr \
  --gc-sections \
  --fill-upper=0 \
  --stackguard=16 \
  --no-force-link \
  --smart-io \
  -Map=dist/default/production/sample-mb-33ep256mc506-mclv2.X.production.map \
  --report-mem \
  --memorysummary \
  dist/default/production/memoryfile.xml \
  -start-group \
  --library=c99-pic30-elf \
[...]
Memory Configuration

Name             Origin             Length             Attributes
data             0x001000           0x008000           a !xr
reset            0x000000           0x000004  
ivt              0x000004           0x0001fc  
program          0x000200           0x02adec           xr
FICD             0x02aff0           0x000002  
FPOR             0x02aff2           0x000002  
FWDT             0x02aff4           0x000002  
FOSC             0x02aff6           0x000002  
FOSCSEL          0x02aff8           0x000002  
FGS              0x02affa           0x000002  
FUID0            0x800ff8           0x000002  
FUID1            0x800ffa           0x000002  
FUID2            0x800ffc           0x000002  
FUID3            0x800ffe           0x000002  
*default*        0x000000           0xffffffff  

Linker script and memory map

LOAD build/default/production/mcc_generated_files/tmr1.o
LOAD build/default/production/mcc_generated_files/uart1.o
LOAD build/default/production/mcc_generated_files/tmr2.o
LOAD build/default/production/mcc_generated_files/reset.o
LOAD build/default/production/mcc_generated_files/system.o
LOAD build/default/production/mcc_generated_files/adc1.o
LOAD build/default/production/mcc_generated_files/clock.o
LOAD build/default/production/mcc_generated_files/interrupt_manager.o
LOAD build/default/production/mcc_generated_files/pwm.o
LOAD build/default/production/mcc_generated_files/where_was_i.o
LOAD build/default/production/mcc_generated_files/traps.o
LOAD build/default/production/mcc_generated_files/mcc.o
LOAD build/default/production/mcc_generated_files/pin_manager.o
LOAD build/default/production/main.o
LOAD build/default/production/mcc_generated_files/motorBench/test_harness.o
LOAD build/default/production/mcc_generated_files/motorBench/stall_detect.o
LOAD build/default/production/mcc_generated_files/motorBench/metadata/data_model_snapshot.o
LOAD build/default/production/mcc_generated_files/motorBench/mcaf_main.o
LOAD build/default/production/mcc_generated_files/motorBench/test_harness_timestamps.o
LOAD build/default/production/mcc_generated_files/motorBench/startup.o
LOAD build/default/production/mcc_generated_files/motorBench/hal/mcaf_pin_manager.o
LOAD build/default/production/mcc_generated_files/motorBench/fault_handle.o
LOAD build/default/production/mcc_generated_files/motorBench/mcaf_sample_application.o
LOAD build/default/production/mcc_generated_files/motorBench/ui.o
LOAD build/default/production/mcc_generated_files/motorBench/monitor.o
LOAD build/default/production/mcc_generated_files/motorBench/hal/qei1.o
LOAD build/default/production/mcc_generated_files/motorBench/isr.o
LOAD build/default/production/mcc_generated_files/motorBench/system_state.o
LOAD build/default/production/mcc_generated_files/motorBench/current_measure.o
LOAD build/default/production/mcc_generated_files/motorBench/board_service.o
LOAD build/default/production/mcc_generated_files/motorBench/foc.o
LOAD build/default/production/mcc_generated_files/motorBench/mcapi.o
LOAD build/default/production/mcc_generated_files/motorBench/gate_drive.o
LOAD build/default/production/mcc_generated_files/motorBench/fault_detect.o
LOAD build/default/production/mcc_generated_files/motorBench/commutation/pll.o
LOAD build/default/production/mcc_generated_files/motorBench/mcaf_traps.o
LOAD build/default/production/mcc_generated_files/motorBench/diagnostics.o
LOAD build/default/production/mcc_generated_files/motorBench/system_init.o
LOAD build/default/production/mcc_generated_files/motorBench/math_asm.o
LOAD build/default/production/mcc_generated_files/motorBench/sat_PI.o
LOAD build/default/production/mcc_generated_files/motorBench/parameters/init_params.o
LOAD build/default/production/mcc_generated_files/motorBench/recover.o
LOAD build/default/production/mcc_generated_files/motorBench/state_machine.o
LOAD build/default/production/mcc_generated_files/motorBench/hal/hardware_access_functions.o
LOAD build/default/production/mcc_generated_files/motorBench/adc_compensation.o
LOAD build/default/production/mcc_generated_files/motorBench/commutation.o
LOAD mcc_generated_files\motorBench\library\mc-library\libmotor_control_dspic-elf.a
LOAD mcc_generated_files\motorBench\library\x2cscope\libx2cscope-dspic-elf.a
                    0x0001                  __MPLAB_BUILD = 0x1
LOAD p33EP256MC506
LOAD c:/program files/microchip/xc-dsc/v3.21/bin/bin/../../lib\libfx-elf.a
                    0x2aff0                  __FICD = 0x2aff0
                    0x2aff2                  __FPOR = 0x2aff2
                    0x2aff4                  __FWDT = 0x2aff4
                    0x2aff6                  __FOSC = 0x2aff6
                    0x2aff8                  __FOSCSEL = 0x2aff8
                    0x2affa                  __FGS = 0x2affa
                    0x800ff8                  __FUID0 = 0x800ff8
                    0x800ffa                  __FUID1 = 0x800ffa
                    0x800ffc                  __FUID2 = 0x800ffc
                    0x800ffe                  __FUID3 = 0x800ffe
                    0x0200                  __CODE_BASE = 0x200
                    0x2adec                  __CODE_LENGTH = 0x2adec
                    0x0004                  __IVT_BASE = 0x4
                    0x1000                  __DATA_BASE = 0x1000
                    0x8000                  __DATA_LENGTH = 0x8000
                    0x5000                  __YDATA_BASE = 0x5000
                    0x9000                  __YDATA_END = 0x9000

.reset            0x000000          0x4
                  0x000000          0x1 SHORT 0x200 ABSOLUTE (__reset)
                  0x000001          0x1 SHORT 0x4
                  0x000002          0x1 SHORT 0x0 ((ABSOLUTE (__reset) >> 0x10) & 0x7f)
                  0x000003          0x1 SHORT 0x0

.text             0x000200        0x618
 *(.init)
 .init            0x000200         0x48 c:/program files/microchip/xc-dsc/v3.21/bin/bin/../../lib\libc99-pic30-elf.a(crt0_extendedep.o)
                  0x000200                  __resetPRI
                  0x000200                  __reset
                  0x00023c                  __psv_init
 .init            0x000248         0xb2 c:/program files/microchip/xc-dsc/v3.21/bin/bin/../../lib\libc99-pic30-elf.a(data_init_extended.o)
                  0x000248                  __data_init
                  0x000248                  __data_init_extended
 *(.user_init)
 *(.handle)
 .handle          0x0002fa         0x88 jump_table
 *(.isr*)
 .isr.text._T2Interrupt
                  0x000382         0x2c build/default/production/mcc_generated_files/tmr2.o
                  0x000382                  __T2Interrupt
 .isr.text._AD1Interrupt
                  0x0003ae         0x34 build/default/production/mcc_generated_files/adc1.o
 .isr.text._PWMSpEventMatchInterrupt
                  0x0003e2         0x20 build/default/production/mcc_generated_files/pwm.o
                  0x0003e2                  __PWMSpEventMatchInterrupt
 .isr.text._OscillatorFail
                  0x000402         0x1c build/default/production/mcc_generated_files/traps.o
                  0x000402                  __OscillatorFail
 .isr.text._StackError
                  0x00041e         0x24 build/default/production/mcc_generated_files/traps.o
                  0x00041e                  __StackError
 .isr.text._AddressError
                  0x000442         0x1c build/default/production/mcc_generated_files/traps.o
                  0x000442                  __AddressError
 .isr.text._MathError
                  0x00045e         0x1c build/default/production/mcc_generated_files/traps.o
                  0x00045e                  __MathError
 .isr.text._DMACError
                  0x00047a         0x1c build/default/production/mcc_generated_files/traps.o
                  0x00047a                  __DMACError
 .isr.text._HardTrapError
                  0x000496         0x1c build/default/production/mcc_generated_files/traps.o
                  0x000496                  __HardTrapError
 .isr.text._SoftTrapError
                  0x0004b2         0x24 build/default/production/mcc_generated_files/traps.o
                  0x0004b2                  __SoftTrapError
 .isr.text._AD1Interrupt
                  0x0004d6        0x212 build/default/production/mcc_generated_files/motorBench/isr.o
                  0x0004d6                  __AD1Interrupt
 .isrerror_handler
                  0x0006e8         0x10 build/default/production/mcc_generated_files/motorBench/mcaf_traps.o
                  0x0006e8                  __ReservedTrap7
                  0x0006ee                  __DefaultInterrupt
 *(.libc)
 .libc            0x0006f8         0x1c c:/program files/microchip/xc-dsc/v3.21/bin/bin/../../lib\libc99-pic30-elf.a(delay32.EPMeo)
                  0x0006f8                  ___delay32
 *(.libm)
 *(.libdsp)
 *(.lib*)
 .libpic30_crt_start_mode
                  0x000714          0x2 c:/program files/microchip/xc-dsc/v3.21/bin/bin/../../lib\libc99-pic30-elf.a(crt_start_mode_normal.EPMeo)
                  0x000714                  __crt_start_mode
                  0x000714                  __crt_start_mode_normal
 .libm.eqdf2      0x000716          0xa c:/program files/microchip/xc-dsc/v3.21/bin/bin/../../lib\libc99-pic30-elf.a(deqltle.EP_o)
                  0x000716                  ___eqdf2
                  0x000716                  ___ltdf2
                  0x000716                  ___ledf2
 .libm.gtdf2      0x000720          0xa c:/program files/microchip/xc-dsc/v3.21/bin/bin/../../lib\libc99-pic30-elf.a(dgtge.EP_o)
                  0x000720                  ___gtdf2
                  0x000720                  ___gedf2
 .libm.eqsf2      0x00072a          0x4 c:/program files/microchip/xc-dsc/v3.21/bin/bin/../../lib\libc99-pic30-elf.a(feqltle.EP_o)
                  0x00072a                  ___eqsf2
                  0x00072a                  ___ltsf2
                  0x00072a                  ___lesf2
 .libm.gtsf2      0x00072e          0x4 c:/program files/microchip/xc-dsc/v3.21/bin/bin/../../lib\libc99-pic30-elf.a(fgtge.EP_o)
                  0x00072e                  ___gesf2
                  0x00072e                  ___gtsf2
 .libm.dcompare
                  0x000732         0x52 c:/program files/microchip/xc-dsc/v3.21/bin/bin/../../lib\libc99-pic30-elf.a(dcompare.EP_o)
                  0x000732                  __dcompare
 .libm.dtype      0x000784         0x24 c:/program files/microchip/xc-dsc/v3.21/bin/bin/../../lib\libc99-pic30-elf.a(dtype.EP_o)
                  0x000784                  __dtype
 .libm.fcompare
                  0x0007a8         0x36 c:/program files/microchip/xc-dsc/v3.21/bin/bin/../../lib\libc99-pic30-elf.a(fcompare.EP_o)
                  0x0007a8                  __fcompare
 .libm.funpack2
                  0x0007de         0x10 c:/program files/microchip/xc-dsc/v3.21/bin/bin/../../lib\libc99-pic30-elf.a(funpack2.EP_o)
                  0x0007de                  __funpack2
 .libm.funpack    0x0007ee         0x2a c:/program files/microchip/xc-dsc/v3.21/bin/bin/../../lib\libc99-pic30-elf.a(funpack.EP_o)
                  0x0007ee                  __funpack

usercode
 *(usercode)

__FICD
 *(__FICD.sec*)

__FPOR
 *(__FPOR.sec*)

__FWDT
 *(__FWDT.sec*)

__FOSC
 *(__FOSC.sec*)

__FOSCSEL
 *(__FOSCSEL.sec*)

__FGS             0x02affa          0x2
 *(__FGS.sec*)
 __FGS.sec        0x02affa          0x2 /CW/_FGS
                  0x02affa                  __FGS.sec

__FUID0
 *(__FUID0.sec*)

__FUID1
 *(__FUID1.sec*)

__FUID2
 *(__FUID2.sec*)

__FUID3
 *(__FUID3.sec*)

.comment            0x0000       0x1080
 *(.comment)
 .comment           0x0000         0x58 build/default/production/mcc_generated_files/tmr1.o
 .comment           0x0058         0x58 build/default/production/mcc_generated_files/uart1.o
 .comment           0x00b0         0x58 build/default/production/mcc_generated_files/tmr2.o
 .comment           0x0108         0x58 build/default/production/mcc_generated_files/system.o
 .comment           0x0160         0x58 build/default/production/mcc_generated_files/adc1.o
 .comment           0x01b8         0x58 build/default/production/mcc_generated_files/clock.o
 .comment           0x0210         0x58 build/default/production/mcc_generated_files/interrupt_manager.o
 .comment           0x0268         0x58 build/default/production/mcc_generated_files/pwm.o
 .comment           0x02c0         0x58 build/default/production/mcc_generated_files/traps.o
 .comment           0x0318         0x58 build/default/production/mcc_generated_files/pin_manager.o
 .comment           0x0370         0x58 build/default/production/main.o
 .comment           0x03c8         0x58 build/default/production/mcc_generated_files/motorBench/test_harness.o
 .comment           0x0420         0x58 build/default/production/mcc_generated_files/motorBench/stall_detect.o
 .comment           0x0478         0x58 build/default/production/mcc_generated_files/motorBench/mcaf_main.o
 .comment           0x04d0         0x58 build/default/production/mcc_generated_files/motorBench/startup.o
 .comment           0x0528         0x58 build/default/production/mcc_generated_files/motorBench/hal/mcaf_pin_manager.o
 .comment           0x0580         0x58 build/default/production/mcc_generated_files/motorBench/fault_handle.o
 .comment           0x05d8         0x58 build/default/production/mcc_generated_files/motorBench/mcaf_sample_application.o
 .comment           0x0630         0x58 build/default/production/mcc_generated_files/motorBench/ui.o
 .comment           0x0688         0x58 build/default/production/mcc_generated_files/motorBench/monitor.o
 .comment           0x06e0         0x58 build/default/production/mcc_generated_files/motorBench/isr.o
 .comment           0x0738         0x58 build/default/production/mcc_generated_files/motorBench/system_state.o
 .comment           0x0790         0x58 build/default/production/mcc_generated_files/motorBench/current_measure.o
 .comment           0x07e8         0x58 build/default/production/mcc_generated_files/motorBench/board_service.o
 .comment           0x0840         0x58 build/default/production/mcc_generated_files/motorBench/foc.o
 .comment           0x0898         0x58 build/default/production/mcc_generated_files/motorBench/gate_drive.o
 .comment           0x08f0         0x58 build/default/production/mcc_generated_files/motorBench/fault_detect.o
 .comment           0x0948         0x58 build/default/production/mcc_generated_files/motorBench/commutation/pll.o
 .comment           0x09a0         0x58 build/default/production/mcc_generated_files/motorBench/mcaf_traps.o
 .comment           0x09f8         0x58 build/default/production/mcc_generated_files/motorBench/diagnostics.o
 .comment           0x0a50         0x58 build/default/production/mcc_generated_files/motorBench/system_init.o
 .comment           0x0aa8         0x58 build/default/production/mcc_generated_files/motorBench/sat_PI.o
 .comment           0x0b00         0x58 build/default/production/mcc_generated_files/motorBench/parameters/init_params.o
 .comment           0x0b58         0x58 build/default/production/mcc_generated_files/motorBench/recover.o
 .comment           0x0bb0         0x58 build/default/production/mcc_generated_files/motorBench/state_machine.o
 .comment           0x0c08         0x58 build/default/production/mcc_generated_files/motorBench/hal/hardware_access_functions.o
 .comment           0x0c60         0x58 build/default/production/mcc_generated_files/motorBench/adc_compensation.o
 .comment           0x0cb8         0x58 build/default/production/mcc_generated_files/motorBench/commutation.o
 .comment           0x0d10         0x58 mcc_generated_files\motorBench\library\x2cscope\libx2cscope-dspic-elf.a(generic-16bit-epX2CScopeWrapper.o)
 .comment           0x0d68         0x58 mcc_generated_files\motorBench\library\x2cscope\libx2cscope-dspic-elf.a(generic-16dsp-epBlockServicesX2C.o)
 .comment           0x0dc0         0x58 mcc_generated_files\motorBench\library\x2cscope\libx2cscope-dspic-elf.a(generic-16dsp-epLNet.o)
 .comment           0x0e18         0x58 mcc_generated_files\motorBench\library\x2cscope\libx2cscope-dspic-elf.a(generic-16dsp-epSerialGeneric.o)
 .comment           0x0e70         0x58 mcc_generated_files\motorBench\library\x2cscope\libx2cscope-dspic-elf.a(generic-16dsp-epServices.o)
 .comment           0x0ec8         0x58 mcc_generated_files\motorBench\library\x2cscope\libx2cscope-dspic-elf.a(generic-16dsp-epTableStruct.o)
 .comment           0x0f20         0x58 mcc_generated_files\motorBench\library\x2cscope\libx2cscope-dspic-elf.a(generic-16dsp-epVersionInfo.o)
 .comment           0x0f78         0x58 mcc_generated_files\motorBench\library\x2cscope\libx2cscope-dspic-elf.a(generic-16dsp-epX2C.o)
 .comment           0x0fd0         0x58 mcc_generated_files\motorBench\library\x2cscope\libx2cscope-dspic-elf.a(generic-16bit-epScope_Main.o)
 .comment           0x1028         0x58 mcc_generated_files\motorBench\library\x2cscope\libx2cscope-dspic-elf.a(generic-16dsp-epCommonFcts.o)

.debug_info         0x0000      0x4e6d6
 *(.debug_info)
 .debug_info        0x0000        0x7b3 build/default/production/mcc_generated_files/tmr1.o
 .debug_info        0x07b3        0x7d9 build/default/production/mcc_generated_files/uart1.o
 .debug_info        0x0f8c        0x9d1 build/default/production/mcc_generated_files/tmr2.o
 .debug_info        0x195d        0x52a build/default/production/mcc_generated_files/system.o
 .debug_info        0x1e87        0x6db build/default/production/mcc_generated_files/adc1.o
 .debug_info        0x2562        0x4b6 build/default/production/mcc_generated_files/clock.o
 .debug_info        0x2a18        0x742 build/default/production/mcc_generated_files/interrupt_manager.o
 .debug_info        0x315a        0x982 build/default/production/mcc_generated_files/pwm.o
 .debug_info        0x3adc        0x7bc build/default/production/mcc_generated_files/traps.o
 .debug_info        0x4298        0xaf3 build/default/production/mcc_generated_files/pin_manager.o
 .debug_info        0x4d8b        0x28b build/default/production/main.o
 .debug_info        0x5016        0xb16 build/default/production/mcc_generated_files/motorBench/test_harness.o
 .debug_info        0x5b2c       0x60ad build/default/production/mcc_generated_files/motorBench/stall_detect.o
 .debug_info        0xbbd9       0x4542 build/default/production/mcc_generated_files/motorBench/mcaf_main.o
 .debug_info        0x1011b       0x156b build/default/production/mcc_generated_files/motorBench/startup.o
 .debug_info        0x11686        0x986 build/default/production/mcc_generated_files/motorBench/hal/mcaf_pin_manager.o
 .debug_info        0x1200c        0x394 build/default/production/mcc_generated_files/motorBench/fault_handle.o
 .debug_info        0x123a0       0x11dd build/default/production/mcc_generated_files/motorBench/mcaf_sample_application.o
 .debug_info        0x1357d        0xfa1 build/default/production/mcc_generated_files/motorBench/ui.o
 .debug_info        0x1451e       0x4305 build/default/production/mcc_generated_files/motorBench/monitor.o
 .debug_info        0x18823       0x5812 build/default/production/mcc_generated_files/motorBench/isr.o
 .debug_info        0x1e035       0x3ad9 build/default/production/mcc_generated_files/motorBench/system_state.o
 .debug_info        0x21b0e       0x448d build/default/production/mcc_generated_files/motorBench/current_measure.o
 .debug_info        0x25f9b        0x8d4 build/default/production/mcc_generated_files/motorBench/board_service.o
 .debug_info        0x2686f       0x6c1d build/default/production/mcc_generated_files/motorBench/foc.o
 .debug_info        0x2d48c        0xade build/default/production/mcc_generated_files/motorBench/gate_drive.o
 .debug_info        0x2df6a       0x4636 build/default/production/mcc_generated_files/motorBench/fault_detect.o
 .debug_info        0x325a0       0x175a build/default/production/mcc_generated_files/motorBench/commutation/pll.o
 .debug_info        0x33cfa        0x9e0 build/default/production/mcc_generated_files/motorBench/mcaf_traps.o
 .debug_info        0x346da        0x6c9 build/default/production/mcc_generated_files/motorBench/diagnostics.o
 .debug_info        0x34da3       0x1b0b build/default/production/mcc_generated_files/motorBench/system_init.o
 .debug_info        0x368ae         0x26 build/default/production/mcc_generated_files/motorBench/math_asm.o
 .debug_info        0x368d4       0x1438 build/default/production/mcc_generated_files/motorBench/sat_PI.o
 .debug_info        0x37d0c       0x3ae1 build/default/production/mcc_generated_files/motorBench/parameters/init_params.o
 .debug_info        0x3b7ed        0x5fb build/default/production/mcc_generated_files/motorBench/recover.o
 .debug_info        0x3bde8       0x92d1 build/default/production/mcc_generated_files/motorBench/state_machine.o
 .debug_info        0x450b9        0x899 build/default/production/mcc_generated_files/motorBench/hal/hardware_access_functions.o
 .debug_info        0x45952       0x44a9 build/default/production/mcc_generated_files/motorBench/adc_compensation.o
 .debug_info        0x49dfb       0x4785 build/default/production/mcc_generated_files/motorBench/commutation.o
 .debug_info        0x4e580         0x26 c:/program files/microchip/xc-dsc/v3.21/bin/bin/../../lib\libc99-pic30-elf.a(deqltle.EP_o)
 .debug_info        0x4e5a6         0x26 c:/program files/microchip/xc-dsc/v3.21/bin/bin/../../lib\libc99-pic30-elf.a(dgtge.EP_o)
 .debug_info        0x4e5cc         0x26 c:/program files/microchip/xc-dsc/v3.21/bin/bin/../../lib\libc99-pic30-elf.a(feqltle.EP_o)
 .debug_info        0x4e5f2         0x26 c:/program files/microchip/xc-dsc/v3.21/bin/bin/../../lib\libc99-pic30-elf.a(fgtge.EP_o)
 .debug_info        0x4e618         0x26 c:/program files/microchip/xc-dsc/v3.21/bin/bin/../../lib\libc99-pic30-elf.a(dcompare.EP_o)
 .debug_info        0x4e63e         0x26 c:/program files/microchip/xc-dsc/v3.21/bin/bin/../../lib\libc99-pic30-elf.a(dtype.EP_o)
 .debug_info        0x4e664         0x26 c:/program files/microchip/xc-dsc/v3.21/bin/bin/../../lib\libc99-pic30-elf.a(fcompare.EP_o)
 .debug_info        0x4e68a         0x26 c:/program files/microchip/xc-dsc/v3.21/bin/bin/../../lib\libc99-pic30-elf.a(funpack2.EP_o)
 .debug_info        0x4e6b0         0x26 c:/program files/microchip/xc-dsc/v3.21/bin/bin/../../lib\libc99-pic30-elf.a(funpack.EP_o)
 *(.gnu.linkonce.wi.*)

.debug_abbrev       0x0000       0x5576
 *(.debug_abbrev)
 .debug_abbrev      0x0000        0x16e build/default/production/mcc_generated_files/tmr1.o
 .debug_abbrev      0x016e        0x112 build/default/production/mcc_generated_files/uart1.o
 .debug_abbrev      0x0280        0x1eb build/default/production/mcc_generated_files/tmr2.o
 .debug_abbrev      0x046b        0x117 build/default/production/mcc_generated_files/system.o
 .debug_abbrev      0x0582        0x13b build/default/production/mcc_generated_files/adc1.o
 .debug_abbrev      0x06bd         0xc9 build/default/production/mcc_generated_files/clock.o
 .debug_abbrev      0x0786         0xc9 build/default/production/mcc_generated_files/interrupt_manager.o
 .debug_abbrev      0x084f        0x144 build/default/production/mcc_generated_files/pwm.o
 .debug_abbrev      0x0993        0x187 build/default/production/mcc_generated_files/traps.o
 .debug_abbrev      0x0b1a         0xd4 build/default/production/mcc_generated_files/pin_manager.o
 .debug_abbrev      0x0bee         0x5e build/default/production/main.o
 .debug_abbrev      0x0c4c        0x172 build/default/production/mcc_generated_files/motorBench/test_harness.o
 .debug_abbrev      0x0dbe        0x406 build/default/production/mcc_generated_files/motorBench/stall_detect.o
 .debug_abbrev      0x11c4        0x37f build/default/production/mcc_generated_files/motorBench/mcaf_main.o
 .debug_abbrev      0x1543        0x31c build/default/production/mcc_generated_files/motorBench/startup.o
 .debug_abbrev      0x185f         0xc9 build/default/production/mcc_generated_files/motorBench/hal/mcaf_pin_manager.o
 .debug_abbrev      0x1928         0xa2 build/default/production/mcc_generated_files/motorBench/fault_handle.o
 .debug_abbrev      0x19ca        0x2db build/default/production/mcc_generated_files/motorBench/mcaf_sample_application.o
 .debug_abbrev      0x1ca5        0x34d build/default/production/mcc_generated_files/motorBench/ui.o
 .debug_abbrev      0x1ff2        0x2ef build/default/production/mcc_generated_files/motorBench/monitor.o
 .debug_abbrev      0x22e1        0x435 build/default/production/mcc_generated_files/motorBench/isr.o
 .debug_abbrev      0x2716        0x177 build/default/production/mcc_generated_files/motorBench/system_state.o
 .debug_abbrev      0x288d        0x316 build/default/production/mcc_generated_files/motorBench/current_measure.o
 .debug_abbrev      0x2ba3        0x1c4 build/default/production/mcc_generated_files/motorBench/board_service.o
 .debug_abbrev      0x2d67        0x4cc build/default/production/mcc_generated_files/motorBench/foc.o
 .debug_abbrev      0x3233        0x22a build/default/production/mcc_generated_files/motorBench/gate_drive.o
 .debug_abbrev      0x345d        0x34b build/default/production/mcc_generated_files/motorBench/fault_detect.o
 .debug_abbrev      0x37a8        0x2ff build/default/production/mcc_generated_files/motorBench/commutation/pll.o
 .debug_abbrev      0x3aa7        0x24e build/default/production/mcc_generated_files/motorBench/mcaf_traps.o
 .debug_abbrev      0x3cf5        0x1d6 build/default/production/mcc_generated_files/motorBench/diagnostics.o
 .debug_abbrev      0x3ecb        0x2f3 build/default/production/mcc_generated_files/motorBench/system_init.o
 .debug_abbrev      0x41be         0x14 build/default/production/mcc_generated_files/motorBench/math_asm.o
 .debug_abbrev      0x41d2        0x369 build/default/production/mcc_generated_files/motorBench/sat_PI.o
 .debug_abbrev      0x453b        0x177 build/default/production/mcc_generated_files/motorBench/parameters/init_params.o
 .debug_abbrev      0x46b2        0x100 build/default/production/mcc_generated_files/motorBench/recover.o
 .debug_abbrev      0x47b2        0x4af build/default/production/mcc_generated_files/motorBench/state_machine.o
 .debug_abbrev      0x4c61        0x233 build/default/production/mcc_generated_files/motorBench/hal/hardware_access_functions.o
 .debug_abbrev      0x4e94        0x31c build/default/production/mcc_generated_files/motorBench/adc_compensation.o
 .debug_abbrev      0x51b0        0x312 build/default/production/mcc_generated_files/motorBench/commutation.o
 .debug_abbrev      0x54c2         0x14 c:/program files/microchip/xc-dsc/v3.21/bin/bin/../../lib\libc99-pic30-elf.a(deqltle.EP_o)
 .debug_abbrev      0x54d6         0x14 c:/program files/microchip/xc-dsc/v3.21/bin/bin/../../lib\libc99-pic30-elf.a(dgtge.EP_o)
 .debug_abbrev      0x54ea         0x14 c:/program files/microchip/xc-dsc/v3.21/bin/bin/../../lib\libc99-pic30-elf.a(feqltle.EP_o)
 .debug_abbrev      0x54fe         0x14 c:/program files/microchip/xc-dsc/v3.21/bin/bin/../../lib\libc99-pic30-elf.a(fgtge.EP_o)
 .debug_abbrev      0x5512         0x14 c:/program files/microchip/xc-dsc/v3.21/bin/bin/../../lib\libc99-pic30-elf.a(dcompare.EP_o)
 .debug_abbrev      0x5526         0x14 c:/program files/microchip/xc-dsc/v3.21/bin/bin/../../lib\libc99-pic30-elf.a(dtype.EP_o)
 .debug_abbrev      0x553a         0x14 c:/program files/microchip/xc-dsc/v3.21/bin/bin/../../lib\libc99-pic30-elf.a(fcompare.EP_o)
 .debug_abbrev      0x554e         0x14 c:/program files/microchip/xc-dsc/v3.21/bin/bin/../../lib\libc99-pic30-elf.a(funpack2.EP_o)
 .debug_abbrev      0x5562         0x14 c:/program files/microchip/xc-dsc/v3.21/bin/bin/../../lib\libc99-pic30-elf.a(funpack.EP_o)

.debug_line         0x0000       0xd68b
 *(.debug_line)
 .debug_line        0x0000        0x29a build/default/production/mcc_generated_files/tmr1.o
 .debug_line        0x029a        0x257 build/default/production/mcc_generated_files/uart1.o
 .debug_line        0x04f1        0x30d build/default/production/mcc_generated_files/tmr2.o
 .debug_line        0x07fe        0x1c3 build/default/production/mcc_generated_files/system.o
 .debug_line        0x09c1        0x1c2 build/default/production/mcc_generated_files/adc1.o
 .debug_line        0x0b83        0x17e build/default/production/mcc_generated_files/clock.o
 .debug_line        0x0d01        0x13d build/default/production/mcc_generated_files/interrupt_manager.o
 .debug_line        0x0e3e        0x360 build/default/production/mcc_generated_files/pwm.o
 .debug_line        0x119e        0x243 build/default/production/mcc_generated_files/traps.o
 .debug_line        0x13e1        0x27d build/default/production/mcc_generated_files/pin_manager.o
 .debug_line        0x165e         0x8e build/default/production/main.o
 .debug_line        0x16ec        0x1ed build/default/production/mcc_generated_files/motorBench/test_harness.o
 .debug_line        0x18d9       0x163d build/default/production/mcc_generated_files/motorBench/stall_detect.o
 .debug_line        0x2f16        0x6b3 build/default/production/mcc_generated_files/motorBench/mcaf_main.o
 .debug_line        0x35c9        0x677 build/default/production/mcc_generated_files/motorBench/startup.o
 .debug_line        0x3c40        0x169 build/default/production/mcc_generated_files/motorBench/hal/mcaf_pin_manager.o
 .debug_line        0x3da9         0xf6 build/default/production/mcc_generated_files/motorBench/fault_handle.o
 .debug_line        0x3e9f        0x405 build/default/production/mcc_generated_files/motorBench/mcaf_sample_application.o
 .debug_line        0x42a4        0x7d5 build/default/production/mcc_generated_files/motorBench/ui.o
 .debug_line        0x4a79        0x492 build/default/production/mcc_generated_files/motorBench/monitor.o
 .debug_line        0x4f0b        0xa62 build/default/production/mcc_generated_files/motorBench/isr.o
 .debug_line        0x596d        0x369 build/default/production/mcc_generated_files/motorBench/system_state.o
 .debug_line        0x5cd6        0x5f8 build/default/production/mcc_generated_files/motorBench/current_measure.o
 .debug_line        0x62ce        0x3f9 build/default/production/mcc_generated_files/motorBench/board_service.o
 .debug_line        0x66c7       0x13f3 build/default/production/mcc_generated_files/motorBench/foc.o
 .debug_line        0x7aba        0x51e build/default/production/mcc_generated_files/motorBench/gate_drive.o
 .debug_line        0x7fd8        0x55b build/default/production/mcc_generated_files/motorBench/fault_detect.o
 .debug_line        0x8533        0x7a1 build/default/production/mcc_generated_files/motorBench/commutation/pll.o
 .debug_line        0x8cd4        0x305 build/default/production/mcc_generated_files/motorBench/mcaf_traps.o
 .debug_line        0x8fd9        0x24c build/default/production/mcc_generated_files/motorBench/diagnostics.o
 .debug_line        0x9225        0x62c build/default/production/mcc_generated_files/motorBench/system_init.o
 .debug_line        0x9851         0xa2 build/default/production/mcc_generated_files/motorBench/math_asm.o
 .debug_line        0x98f3        0x690 build/default/production/mcc_generated_files/motorBench/sat_PI.o
 .debug_line        0x9f83        0x4a4 build/default/production/mcc_generated_files/motorBench/parameters/init_params.o
 .debug_line        0xa427        0x187 build/default/production/mcc_generated_files/motorBench/recover.o
 .debug_line        0xa5ae       0x1f07 build/default/production/mcc_generated_files/motorBench/state_machine.o
 .debug_line        0xc4b5        0x27b build/default/production/mcc_generated_files/motorBench/hal/hardware_access_functions.o
 .debug_line        0xc730        0x5fd build/default/production/mcc_generated_files/motorBench/adc_compensation.o
 .debug_line        0xcd2d        0x6c4 build/default/production/mcc_generated_files/motorBench/commutation.o
 .debug_line        0xd3f1         0x1a mcc_generated_files\motorBench\library\mc-library\libmotor_control_dspic-elf.a(mc_sinetable_ram_dspic.33E.o)
 .debug_line        0xd40b         0x3d c:/program files/microchip/xc-dsc/v3.21/bin/bin/../../lib\libc99-pic30-elf.a(deqltle.EP_o)
 .debug_line        0xd448         0x3b c:/program files/microchip/xc-dsc/v3.21/bin/bin/../../lib\libc99-pic30-elf.a(dgtge.EP_o)
 .debug_line        0xd483         0x3a c:/program files/microchip/xc-dsc/v3.21/bin/bin/../../lib\libc99-pic30-elf.a(feqltle.EP_o)
 .debug_line        0xd4bd         0x38 c:/program files/microchip/xc-dsc/v3.21/bin/bin/../../lib\libc99-pic30-elf.a(fgtge.EP_o)
 .debug_line        0xd4f5         0x66 c:/program files/microchip/xc-dsc/v3.21/bin/bin/../../lib\libc99-pic30-elf.a(dcompare.EP_o)
 .debug_line        0xd55b         0x48 c:/program files/microchip/xc-dsc/v3.21/bin/bin/../../lib\libc99-pic30-elf.a(dtype.EP_o)
 .debug_line        0xd5a3         0x56 c:/program files/microchip/xc-dsc/v3.21/bin/bin/../../lib\libc99-pic30-elf.a(fcompare.EP_o)
 .debug_line        0xd5f9         0x45 c:/program files/microchip/xc-dsc/v3.21/bin/bin/../../lib\libc99-pic30-elf.a(funpack2.EP_o)
 .debug_line        0xd63e         0x4d c:/program files/microchip/xc-dsc/v3.21/bin/bin/../../lib\libc99-pic30-elf.a(funpack.EP_o)

.debug_frame        0x0000        0xf12
 *(.debug_frame)
 .debug_frame       0x0000         0xc4 build/default/production/mcc_generated_files/tmr1.o
 .debug_frame       0x00c4         0xa4 build/default/production/mcc_generated_files/uart1.o
 .debug_frame       0x0168         0xf2 build/default/production/mcc_generated_files/tmr2.o
 .debug_frame       0x025a         0x24 build/default/production/mcc_generated_files/system.o
 .debug_frame       0x027e         0x62 build/default/production/mcc_generated_files/adc1.o
 .debug_frame       0x02e0         0x24 build/default/production/mcc_generated_files/clock.o
 .debug_frame       0x0304         0x24 build/default/production/mcc_generated_files/interrupt_manager.o
 .debug_frame       0x0328         0xc2 build/default/production/mcc_generated_files/pwm.o
 .debug_frame       0x03ea         0xf6 build/default/production/mcc_generated_files/traps.o
 .debug_frame       0x04e0         0x24 build/default/production/mcc_generated_files/pin_manager.o
 .debug_frame       0x0504         0x24 build/default/production/main.o
 .debug_frame       0x0528         0x5e build/default/production/mcc_generated_files/motorBench/test_harness.o
 .debug_frame       0x0586        0x170 build/default/production/mcc_generated_files/motorBench/stall_detect.o
 .debug_frame       0x06f6         0x3c build/default/production/mcc_generated_files/motorBench/mcaf_main.o
 .debug_frame       0x0732         0x3c build/default/production/mcc_generated_files/motorBench/startup.o
 .debug_frame       0x076e         0x24 build/default/production/mcc_generated_files/motorBench/hal/mcaf_pin_manager.o
 .debug_frame       0x0792         0x34 build/default/production/mcc_generated_files/motorBench/fault_handle.o
 .debug_frame       0x07c6         0x4e build/default/production/mcc_generated_files/motorBench/mcaf_sample_application.o
 .debug_frame       0x0814         0x74 build/default/production/mcc_generated_files/motorBench/ui.o
 .debug_frame       0x0888         0x5c build/default/production/mcc_generated_files/motorBench/monitor.o
 .debug_frame       0x08e4         0x32 build/default/production/mcc_generated_files/motorBench/isr.o
 .debug_frame       0x0916         0x24 build/default/production/mcc_generated_files/motorBench/system_state.o
 .debug_frame       0x093a         0x34 build/default/production/mcc_generated_files/motorBench/current_measure.o
 .debug_frame       0x096e         0xb4 build/default/production/mcc_generated_files/motorBench/board_service.o
 .debug_frame       0x0a22         0xb2 build/default/production/mcc_generated_files/motorBench/foc.o
 .debug_frame       0x0ad4         0x34 build/default/production/mcc_generated_files/motorBench/gate_drive.o
 .debug_frame       0x0b08         0x5c build/default/production/mcc_generated_files/motorBench/fault_detect.o
 .debug_frame       0x0b64         0x4e build/default/production/mcc_generated_files/motorBench/commutation/pll.o
 .debug_frame       0x0bb2         0x64 build/default/production/mcc_generated_files/motorBench/mcaf_traps.o
 .debug_frame       0x0c16         0xa6 build/default/production/mcc_generated_files/motorBench/diagnostics.o
 .debug_frame       0x0cbc         0x34 build/default/production/mcc_generated_files/motorBench/system_init.o
 .debug_frame       0x0cf0         0x7e build/default/production/mcc_generated_files/motorBench/sat_PI.o
 .debug_frame       0x0d6e         0x24 build/default/production/mcc_generated_files/motorBench/parameters/init_params.o
 .debug_frame       0x0d92         0x4c build/default/production/mcc_generated_files/motorBench/recover.o
 .debug_frame       0x0dde         0x58 build/default/production/mcc_generated_files/motorBench/state_machine.o
 .debug_frame       0x0e36         0x44 build/default/production/mcc_generated_files/motorBench/hal/hardware_access_functions.o
 .debug_frame       0x0e7a         0x3c build/default/production/mcc_generated_files/motorBench/adc_compensation.o
 .debug_frame       0x0eb6         0x5c build/default/production/mcc_generated_files/motorBench/commutation.o

.debug_str          0x0000       0x1ee1
 *(.debug_str)
 .debug_str         0x0000          0xd build/default/production/mcc_generated_files/tmr1.o
 .debug_str         0x000d          0x0 build/default/production/mcc_generated_files/uart1.o
 .debug_str         0x000d          0xd build/default/production/mcc_generated_files/tmr2.o
 .debug_str         0x001a         0x8d build/default/production/mcc_generated_files/system.o
 .debug_str         0x00a7          0x0 build/default/production/mcc_generated_files/adc1.o
 .debug_str         0x00a7          0x0 build/default/production/mcc_generated_files/clock.o
 .debug_str         0x00a7          0x0 build/default/production/mcc_generated_files/interrupt_manager.o
 .debug_str         0x00a7          0x0 build/default/production/mcc_generated_files/pwm.o
 .debug_str         0x00a7          0xd build/default/production/mcc_generated_files/traps.o
 .debug_str         0x00b4          0xd build/default/production/mcc_generated_files/pin_manager.o
 .debug_str         0x00c1         0x2e build/default/production/main.o
 .debug_str         0x00ef          0xd build/default/production/mcc_generated_files/motorBench/test_harness.o
 .debug_str         0x00fc        0x1c3 build/default/production/mcc_generated_files/motorBench/stall_detect.o
 .debug_str         0x02bf        0x2fb build/default/production/mcc_generated_files/motorBench/mcaf_main.o
 .debug_str         0x05ba         0x7d build/default/production/mcc_generated_files/motorBench/startup.o
 .debug_str         0x0637          0x0 build/default/production/mcc_generated_files/motorBench/hal/mcaf_pin_manager.o
 .debug_str         0x0637          0xd build/default/production/mcc_generated_files/motorBench/fault_handle.o
 .debug_str         0x0644         0xc8 build/default/production/mcc_generated_files/motorBench/mcaf_sample_application.o
 .debug_str         0x070c         0x11 build/default/production/mcc_generated_files/motorBench/ui.o
 .debug_str         0x071d        0x171 build/default/production/mcc_generated_files/motorBench/monitor.o
 .debug_str         0x088e        0x22a build/default/production/mcc_generated_files/motorBench/isr.o
 .debug_str         0x0ab8        0x131 build/default/production/mcc_generated_files/motorBench/system_state.o
 .debug_str         0x0be9        0x142 build/default/production/mcc_generated_files/motorBench/current_measure.o
 .debug_str         0x0d2b         0x13 build/default/production/mcc_generated_files/motorBench/board_service.o
 .debug_str         0x0d3e        0x298 build/default/production/mcc_generated_files/motorBench/foc.o
 .debug_str         0x0fd6         0x1f build/default/production/mcc_generated_files/motorBench/gate_drive.o
 .debug_str         0x0ff5        0x183 build/default/production/mcc_generated_files/motorBench/fault_detect.o
 .debug_str         0x1178         0x43 build/default/production/mcc_generated_files/motorBench/commutation/pll.o
 .debug_str         0x11bb         0x32 build/default/production/mcc_generated_files/motorBench/mcaf_traps.o
 .debug_str         0x11ed         0xa9 build/default/production/mcc_generated_files/motorBench/diagnostics.o
 .debug_str         0x1296         0x54 build/default/production/mcc_generated_files/motorBench/system_init.o
 .debug_str         0x12ea         0x6d build/default/production/mcc_generated_files/motorBench/math_asm.o
 .debug_str         0x1357         0x1e build/default/production/mcc_generated_files/motorBench/sat_PI.o
 .debug_str         0x1375        0x131 build/default/production/mcc_generated_files/motorBench/parameters/init_params.o
 .debug_str         0x14a6          0xa build/default/production/mcc_generated_files/motorBench/recover.o
 .debug_str         0x14b0        0x44a build/default/production/mcc_generated_files/motorBench/state_machine.o
 .debug_str         0x18fa          0x8 build/default/production/mcc_generated_files/motorBench/hal/hardware_access_functions.o
 .debug_str         0x1902        0x151 build/default/production/mcc_generated_files/motorBench/adc_compensation.o
 .debug_str         0x1a53        0x1e5 build/default/production/mcc_generated_files/motorBench/commutation.o
 .debug_str         0x1c38         0x4c c:/program files/microchip/xc-dsc/v3.21/bin/bin/../../lib\libc99-pic30-elf.a(deqltle.EP_o)
 .debug_str         0x1c84         0x4a c:/program files/microchip/xc-dsc/v3.21/bin/bin/../../lib\libc99-pic30-elf.a(dgtge.EP_o)
 .debug_str         0x1cce         0x4c c:/program files/microchip/xc-dsc/v3.21/bin/bin/../../lib\libc99-pic30-elf.a(feqltle.EP_o)
 .debug_str         0x1d1a         0x4a c:/program files/microchip/xc-dsc/v3.21/bin/bin/../../lib\libc99-pic30-elf.a(fgtge.EP_o)
 .debug_str         0x1d64         0x4d c:/program files/microchip/xc-dsc/v3.21/bin/bin/../../lib\libc99-pic30-elf.a(dcompare.EP_o)
 .debug_str         0x1db1         0x4a c:/program files/microchip/xc-dsc/v3.21/bin/bin/../../lib\libc99-pic30-elf.a(dtype.EP_o)
 .debug_str         0x1dfb         0x4d c:/program files/microchip/xc-dsc/v3.21/bin/bin/../../lib\libc99-pic30-elf.a(fcompare.EP_o)
 .debug_str         0x1e48         0x4d c:/program files/microchip/xc-dsc/v3.21/bin/bin/../../lib\libc99-pic30-elf.a(funpack2.EP_o)
 .debug_str         0x1e95         0x4c c:/program files/microchip/xc-dsc/v3.21/bin/bin/../../lib\libc99-pic30-elf.a(funpack.EP_o)

.debug_loc          0x0000       0x9215
 *(.debug_loc)
 .debug_loc         0x0000         0x42 build/default/production/mcc_generated_files/tmr1.o
 .debug_loc         0x0042         0x42 build/default/production/mcc_generated_files/tmr2.o
 .debug_loc         0x0084         0x15 build/default/production/mcc_generated_files/system.o
 .debug_loc         0x0099         0x33 build/default/production/mcc_generated_files/motorBench/test_harness.o
 .debug_loc         0x00cc       0x177d build/default/production/mcc_generated_files/motorBench/stall_detect.o
 .debug_loc         0x1849         0x87 build/default/production/mcc_generated_files/motorBench/mcaf_main.o
 .debug_loc         0x18d0        0xd24 build/default/production/mcc_generated_files/motorBench/startup.o
 .debug_loc         0x25f4        0x29d build/default/production/mcc_generated_files/motorBench/mcaf_sample_application.o
 .debug_loc         0x2891        0x296 build/default/production/mcc_generated_files/motorBench/ui.o
 .debug_loc         0x2b27        0x16c build/default/production/mcc_generated_files/motorBench/monitor.o
 .debug_loc         0x2c93        0x2b1 build/default/production/mcc_generated_files/motorBench/isr.o
 .debug_loc         0x2f44        0x409 build/default/production/mcc_generated_files/motorBench/current_measure.o
 .debug_loc         0x334d        0x11f build/default/production/mcc_generated_files/motorBench/board_service.o
 .debug_loc         0x346c       0x1547 build/default/production/mcc_generated_files/motorBench/foc.o
 .debug_loc         0x49b3        0x24c build/default/production/mcc_generated_files/motorBench/gate_drive.o
 .debug_loc         0x4bff         0xcd build/default/production/mcc_generated_files/motorBench/fault_detect.o
 .debug_loc         0x4ccc        0xa60 build/default/production/mcc_generated_files/motorBench/commutation/pll.o
 .debug_loc         0x572c        0x1ed build/default/production/mcc_generated_files/motorBench/mcaf_traps.o
 .debug_loc         0x5919         0x62 build/default/production/mcc_generated_files/motorBench/diagnostics.o
 .debug_loc         0x597b        0x2ee build/default/production/mcc_generated_files/motorBench/system_init.o
 .debug_loc         0x5c69        0x844 build/default/production/mcc_generated_files/motorBench/sat_PI.o
 .debug_loc         0x64ad        0x101 build/default/production/mcc_generated_files/motorBench/recover.o
 .debug_loc         0x65ae       0x24e1 build/default/production/mcc_generated_files/motorBench/state_machine.o
 .debug_loc         0x8a8f         0x28 build/default/production/mcc_generated_files/motorBench/hal/hardware_access_functions.o
 .debug_loc         0x8ab7        0x1db build/default/production/mcc_generated_files/motorBench/adc_compensation.o
 .debug_loc         0x8c92        0x583 build/default/production/mcc_generated_files/motorBench/commutation.o

.debug_macinfo
 *(.debug_macinfo)

.debug_pubnames
 *(.debug_pubnames)

.debug_ranges       0x0000       0x2fb8
 *(.debug_ranges)
 .debug_ranges      0x0000         0x60 build/default/production/mcc_generated_files/tmr1.o
 .debug_ranges      0x0060         0x50 build/default/production/mcc_generated_files/uart1.o
 .debug_ranges      0x00b0         0x70 build/default/production/mcc_generated_files/tmr2.o
 .debug_ranges      0x0120         0x10 build/default/production/mcc_generated_files/system.o
 .debug_ranges      0x0130         0x28 build/default/production/mcc_generated_files/adc1.o
 .debug_ranges      0x0158         0x10 build/default/production/mcc_generated_files/clock.o
 .debug_ranges      0x0168         0x10 build/default/production/mcc_generated_files/interrupt_manager.o
 .debug_ranges      0x0178         0x58 build/default/production/mcc_generated_files/pwm.o
 .debug_ranges      0x01d0         0x48 build/default/production/mcc_generated_files/traps.o
 .debug_ranges      0x0218         0x10 build/default/production/mcc_generated_files/pin_manager.o
 .debug_ranges      0x0228         0x10 build/default/production/main.o
 .debug_ranges      0x0238         0x28 build/default/production/mcc_generated_files/motorBench/test_harness.o
 .debug_ranges      0x0260        0x988 build/default/production/mcc_generated_files/motorBench/stall_detect.o
 .debug_ranges      0x0be8         0x60 build/default/production/mcc_generated_files/motorBench/mcaf_main.o
 .debug_ranges      0x0c48        0x1a8 build/default/production/mcc_generated_files/motorBench/startup.o
 .debug_ranges      0x0df0         0x10 build/default/production/mcc_generated_files/motorBench/hal/mcaf_pin_manager.o
 .debug_ranges      0x0e00         0x18 build/default/production/mcc_generated_files/motorBench/fault_handle.o
 .debug_ranges      0x0e18         0xc0 build/default/production/mcc_generated_files/motorBench/mcaf_sample_application.o
 .debug_ranges      0x0ed8        0x1a0 build/default/production/mcc_generated_files/motorBench/ui.o
 .debug_ranges      0x1078         0x40 build/default/production/mcc_generated_files/motorBench/monitor.o
 .debug_ranges      0x10b8        0x1b8 build/default/production/mcc_generated_files/motorBench/isr.o
 .debug_ranges      0x1270         0x10 build/default/production/mcc_generated_files/motorBench/system_state.o
 .debug_ranges      0x1280         0x78 build/default/production/mcc_generated_files/motorBench/current_measure.o
 .debug_ranges      0x12f8         0x50 build/default/production/mcc_generated_files/motorBench/board_service.o
 .debug_ranges      0x1348        0x470 build/default/production/mcc_generated_files/motorBench/foc.o
 .debug_ranges      0x17b8         0xc0 build/default/production/mcc_generated_files/motorBench/gate_drive.o
 .debug_ranges      0x1878         0x28 build/default/production/mcc_generated_files/motorBench/fault_detect.o
 .debug_ranges      0x18a0         0xb0 build/default/production/mcc_generated_files/motorBench/commutation/pll.o
 .debug_ranges      0x1950         0x48 build/default/production/mcc_generated_files/motorBench/mcaf_traps.o
 .debug_ranges      0x1998         0x48 build/default/production/mcc_generated_files/motorBench/diagnostics.o
 .debug_ranges      0x19e0        0x140 build/default/production/mcc_generated_files/motorBench/system_init.o
 .debug_ranges      0x1b20        0x210 build/default/production/mcc_generated_files/motorBench/sat_PI.o
 .debug_ranges      0x1d30         0x10 build/default/production/mcc_generated_files/motorBench/parameters/init_params.o
 .debug_ranges      0x1d40         0x20 build/default/production/mcc_generated_files/motorBench/recover.o
 .debug_ranges      0x1d60       0x1090 build/default/production/mcc_generated_files/motorBench/state_machine.o
 .debug_ranges      0x2df0         0x20 build/default/production/mcc_generated_files/motorBench/hal/hardware_access_functions.o
 .debug_ranges      0x2e10         0x88 build/default/production/mcc_generated_files/motorBench/adc_compensation.o
 .debug_ranges      0x2e98        0x120 build/default/production/mcc_generated_files/motorBench/commutation.o

.debug_aranges      0x0000        0xa10
 *(.debug_aranges)
 .debug_aranges
                    0x0000         0x70 build/default/production/mcc_generated_files/tmr1.o
 .debug_aranges
                    0x0070         0x60 build/default/production/mcc_generated_files/uart1.o
 .debug_aranges
                    0x00d0         0x80 build/default/production/mcc_generated_files/tmr2.o
 .debug_aranges
                    0x0150         0x20 build/default/production/mcc_generated_files/system.o
 .debug_aranges
                    0x0170         0x38 build/default/production/mcc_generated_files/adc1.o
 .debug_aranges
                    0x01a8         0x20 build/default/production/mcc_generated_files/clock.o
 .debug_aranges
                    0x01c8         0x20 build/default/production/mcc_generated_files/interrupt_manager.o
 .debug_aranges
                    0x01e8         0x68 build/default/production/mcc_generated_files/pwm.o
 .debug_aranges
                    0x0250         0x58 build/default/production/mcc_generated_files/traps.o
 .debug_aranges
                    0x02a8         0x20 build/default/production/mcc_generated_files/pin_manager.o
 .debug_aranges
                    0x02c8         0x20 build/default/production/main.o
 .debug_aranges
                    0x02e8         0x38 build/default/production/mcc_generated_files/motorBench/test_harness.o
 .debug_aranges
                    0x0320         0xb0 build/default/production/mcc_generated_files/motorBench/stall_detect.o
 .debug_aranges
                    0x03d0         0x28 build/default/production/mcc_generated_files/motorBench/mcaf_main.o
 .debug_aranges
                    0x03f8         0x28 build/default/production/mcc_generated_files/motorBench/startup.o
 .debug_aranges
                    0x0420         0x20 build/default/production/mcc_generated_files/motorBench/hal/mcaf_pin_manager.o
 .debug_aranges
                    0x0440         0x28 build/default/production/mcc_generated_files/motorBench/fault_handle.o
 .debug_aranges
                    0x0468         0x30 build/default/production/mcc_generated_files/motorBench/mcaf_sample_application.o
 .debug_aranges
                    0x0498         0x48 build/default/production/mcc_generated_files/motorBench/ui.o
 .debug_aranges
                    0x04e0         0x38 build/default/production/mcc_generated_files/motorBench/monitor.o
 .debug_aranges
                    0x0518         0x20 build/default/production/mcc_generated_files/motorBench/isr.o
 .debug_aranges
                    0x0538         0x20 build/default/production/mcc_generated_files/motorBench/system_state.o
 .debug_aranges
                    0x0558         0x28 build/default/production/mcc_generated_files/motorBench/current_measure.o
 .debug_aranges
                    0x0580         0x60 build/default/production/mcc_generated_files/motorBench/board_service.o
 .debug_aranges
                    0x05e0         0x50 build/default/production/mcc_generated_files/motorBench/foc.o
 .debug_aranges
                    0x0630         0x28 build/default/production/mcc_generated_files/motorBench/gate_drive.o
 .debug_aranges
                    0x0658         0x38 build/default/production/mcc_generated_files/motorBench/fault_detect.o
 .debug_aranges
                    0x0690         0x30 build/default/production/mcc_generated_files/motorBench/commutation/pll.o
 .debug_aranges
                    0x06c0         0x40 build/default/production/mcc_generated_files/motorBench/mcaf_traps.o
 .debug_aranges
                    0x0700         0x58 build/default/production/mcc_generated_files/motorBench/diagnostics.o
 .debug_aranges
                    0x0758         0x28 build/default/production/mcc_generated_files/motorBench/system_init.o
 .debug_aranges
                    0x0780         0x20 build/default/production/mcc_generated_files/motorBench/math_asm.o
 .debug_aranges
                    0x07a0         0x40 build/default/production/mcc_generated_files/motorBench/sat_PI.o
 .debug_aranges
                    0x07e0         0x20 build/default/production/mcc_generated_files/motorBench/parameters/init_params.o
 .debug_aranges
                    0x0800         0x30 build/default/production/mcc_generated_files/motorBench/recover.o
 .debug_aranges
                    0x0830         0x30 build/default/production/mcc_generated_files/motorBench/state_machine.o
 .debug_aranges
                    0x0860         0x30 build/default/production/mcc_generated_files/motorBench/hal/hardware_access_functions.o
 .debug_aranges
                    0x0890         0x28 build/default/production/mcc_generated_files/motorBench/adc_compensation.o
 .debug_aranges
                    0x08b8         0x38 build/default/production/mcc_generated_files/motorBench/commutation.o
 .debug_aranges
                    0x08f0         0x20 c:/program files/microchip/xc-dsc/v3.21/bin/bin/../../lib\libc99-pic30-elf.a(deqltle.EP_o)
 .debug_aranges
                    0x0910         0x20 c:/program files/microchip/xc-dsc/v3.21/bin/bin/../../lib\libc99-pic30-elf.a(dgtge.EP_o)
 .debug_aranges
                    0x0930         0x20 c:/program files/microchip/xc-dsc/v3.21/bin/bin/../../lib\libc99-pic30-elf.a(feqltle.EP_o)
 .debug_aranges
                    0x0950         0x20 c:/program files/microchip/xc-dsc/v3.21/bin/bin/../../lib\libc99-pic30-elf.a(fgtge.EP_o)
 .debug_aranges
                    0x0970         0x20 c:/program files/microchip/xc-dsc/v3.21/bin/bin/../../lib\libc99-pic30-elf.a(dcompare.EP_o)
 .debug_aranges
                    0x0990         0x20 c:/program files/microchip/xc-dsc/v3.21/bin/bin/../../lib\libc99-pic30-elf.a(dtype.EP_o)
 .debug_aranges
                    0x09b0         0x20 c:/program files/microchip/xc-dsc/v3.21/bin/bin/../../lib\libc99-pic30-elf.a(fcompare.EP_o)
 .debug_aranges
                    0x09d0         0x20 c:/program files/microchip/xc-dsc/v3.21/bin/bin/../../lib\libc99-pic30-elf.a(funpack2.EP_o)
 .debug_aranges
                    0x09f0         0x20 c:/program files/microchip/xc-dsc/v3.21/bin/bin/../../lib\libc99-pic30-elf.a(funpack.EP_o)
                    0x0000                  WREG0 = 0x0
                    0x0000                  _WREG0 = 0x0
                    0x0002                  WREG1 = 0x2
                    0x0002                  _WREG1 = 0x2
                    0x0004                  WREG2 = 0x4
                    0x0004                  _WREG2 = 0x4
                    0x0006                  WREG3 = 0x6
                    0x0006                  _WREG3 = 0x6
                    0x0008                  WREG4 = 0x8
                    0x0008                  _WREG4 = 0x8
                    0x000a                  WREG5 = 0xa
                    0x000a                  _WREG5 = 0xa
                    0x000c                  WREG6 = 0xc
                    0x000c                  _WREG6 = 0xc
                    0x000e                  WREG7 = 0xe
                    0x000e                  _WREG7 = 0xe
                    0x0010                  WREG8 = 0x10
                    0x0010                  _WREG8 = 0x10
                    0x0012                  WREG9 = 0x12
                    0x0012                  _WREG9 = 0x12
                    0x0014                  WREG10 = 0x14
                    0x0014                  _WREG10 = 0x14
                    0x0016                  WREG11 = 0x16
                    0x0016                  _WREG11 = 0x16
                    0x0018                  WREG12 = 0x18
                    0x0018                  _WREG12 = 0x18
                    0x001a                  WREG13 = 0x1a
                    0x001a                  _WREG13 = 0x1a
                    0x001c                  WREG14 = 0x1c
                    0x001c                  _WREG14 = 0x1c
                    0x001e                  WREG15 = 0x1e
                    0x001e                  _WREG15 = 0x1e
                    0x0020                  SPLIM = 0x20
                    0x0020                  _SPLIM = 0x20
                    0x0022                  ACCAL = 0x22
                    0x0022                  _ACCAL = 0x22
                    0x0024                  ACCAH = 0x24
                    0x0024                  _ACCAH = 0x24
                    0x0026                  ACCAU = 0x26
                    0x0026                  _ACCAU = 0x26
                    0x0028                  ACCBL = 0x28
                    0x0028                  _ACCBL = 0x28
                    0x002a                  ACCBH = 0x2a
                    0x002a                  _ACCBH = 0x2a
                    0x002c                  ACCBU = 0x2c
                    0x002c                  _ACCBU = 0x2c
                    0x002e                  PCL = 0x2e
                    0x002e                  _PCL = 0x2e
                    0x0030                  PCH = 0x30
                    0x0030                  _PCH = 0x30
                    0x0032                  DSRPAG = 0x32
                    0x0032                  _DSRPAG = 0x32
                    0x0032                  _DSRPAGbits = 0x32
                    0x0034                  DSWPAG = 0x34
                    0x0034                  _DSWPAG = 0x34
                    0x0034                  _DSWPAGbits = 0x34
                    0x0036                  RCOUNT = 0x36
                    0x0036                  _RCOUNT = 0x36
                    0x0038                  DCOUNT = 0x38
                    0x0038                  _DCOUNT = 0x38
                    0x003a                  DOSTARTL = 0x3a
                    0x003a                  _DOSTARTL = 0x3a
                    0x003c                  DOSTARTH = 0x3c
                    0x003c                  _DOSTARTH = 0x3c
                    0x003e                  DOENDL = 0x3e
                    0x003e                  _DOENDL = 0x3e
                    0x0040                  DOENDH = 0x40
                    0x0040                  _DOENDH = 0x40
                    0x0042                  SR = 0x42
                    0x0042                  _SR = 0x42
                    0x0042                  _SRbits = 0x42
                    0x0044                  CORCON = 0x44
                    0x0044                  _CORCON = 0x44
                    0x0044                  _CORCONbits = 0x44
                    0x0046                  MODCON = 0x46
                    0x0046                  _MODCON = 0x46
                    0x0046                  _MODCONbits = 0x46
                    0x0048                  XMODSRT = 0x48
                    0x0048                  _XMODSRT = 0x48
                    0x004a                  XMODEND = 0x4a
                    0x004a                  _XMODEND = 0x4a
                    0x004c                  YMODSRT = 0x4c
                    0x004c                  _YMODSRT = 0x4c
                    0x004e                  YMODEND = 0x4e
                    0x004e                  _YMODEND = 0x4e
                    0x0050                  XBREV = 0x50
                    0x0050                  _XBREV = 0x50
                    0x0050                  _XBREVbits = 0x50
                    0x0052                  DISICNT = 0x52
                    0x0052                  _DISICNT = 0x52
                    0x0054                  TBLPAG = 0x54
                    0x0054                  _TBLPAG = 0x54
                    0x0054                  _TBLPAGbits = 0x54
                    0x0058                  MSTRPR = 0x58
                    0x0058                  _MSTRPR = 0x58
                    0x0100                  TMR1 = 0x100
                    0x0100                  _TMR1 = 0x100
                    0x0102                  PR1 = 0x102
                    0x0102                  _PR1 = 0x102
                    0x0104                  T1CON = 0x104
                    0x0104                  _T1CON = 0x104
                    0x0104                  _T1CONbits = 0x104
                    0x0106                  TMR2 = 0x106
                    0x0106                  _TMR2 = 0x106
                    0x0108                  TMR3HLD = 0x108
                    0x0108                  _TMR3HLD = 0x108
                    0x010a                  TMR3 = 0x10a
                    0x010a                  _TMR3 = 0x10a
                    0x010c                  PR2 = 0x10c
                    0x010c                  _PR2 = 0x10c
                    0x010e                  PR3 = 0x10e
                    0x010e                  _PR3 = 0x10e
                    0x0110                  T2CON = 0x110
                    0x0110                  _T2CON = 0x110
                    0x0110                  _T2CONbits = 0x110
                    0x0112                  T3CON = 0x112
                    0x0112                  _T3CON = 0x112
                    0x0112                  _T3CONbits = 0x112
                    0x0114                  TMR4 = 0x114
                    0x0114                  _TMR4 = 0x114
                    0x0116                  TMR5HLD = 0x116
                    0x0116                  _TMR5HLD = 0x116
                    0x0118                  TMR5 = 0x118
                    0x0118                  _TMR5 = 0x118
                    0x011a                  PR4 = 0x11a
                    0x011a                  _PR4 = 0x11a
                    0x011c                  PR5 = 0x11c
                    0x011c                  _PR5 = 0x11c
                    0x011e                  T4CON = 0x11e
                    0x011e                  _T4CON = 0x11e
                    0x011e                  _T4CONbits = 0x11e
                    0x0120                  T5CON = 0x120
                    0x0120                  _T5CON = 0x120
                    0x0120                  _T5CONbits = 0x120
                    0x0140                  IC1CON1 = 0x140
                    0x0140                  _IC1CON1 = 0x140
                    0x0140                  _IC1CON1bits = 0x140
                    0x0142                  IC1CON2 = 0x142
                    0x0142                  _IC1CON2 = 0x142
                    0x0142                  _IC1CON2bits = 0x142
                    0x0144                  IC1BUF = 0x144
                    0x0144                  _IC1BUF = 0x144
                    0x0146                  IC1TMR = 0x146
                    0x0146                  _IC1TMR = 0x146
                    0x0148                  IC2CON1 = 0x148
                    0x0148                  _IC2CON1 = 0x148
                    0x0148                  _IC2CON1bits = 0x148
                    0x014a                  IC2CON2 = 0x14a
                    0x014a                  _IC2CON2 = 0x14a
                    0x014a                  _IC2CON2bits = 0x14a
                    0x014c                  IC2BUF = 0x14c
                    0x014c                  _IC2BUF = 0x14c
                    0x014e                  IC2TMR = 0x14e
                    0x014e                  _IC2TMR = 0x14e
                    0x0150                  IC3CON1 = 0x150
                    0x0150                  _IC3CON1 = 0x150
                    0x0150                  _IC3CON1bits = 0x150
                    0x0152                  IC3CON2 = 0x152
                    0x0152                  _IC3CON2 = 0x152
                    0x0152                  _IC3CON2bits = 0x152
                    0x0154                  IC3BUF = 0x154
                    0x0154                  _IC3BUF = 0x154
                    0x0156                  IC3TMR = 0x156
                    0x0156                  _IC3TMR = 0x156
                    0x0158                  IC4CON1 = 0x158
                    0x0158                  _IC4CON1 = 0x158
                    0x0158                  _IC4CON1bits = 0x158
                    0x015a                  IC4CON2 = 0x15a
                    0x015a                  _IC4CON2 = 0x15a
                    0x015a                  _IC4CON2bits = 0x15a
                    0x015c                  IC4BUF = 0x15c
                    0x015c                  _IC4BUF = 0x15c
                    0x015e                  IC4TMR = 0x15e
                    0x015e                  _IC4TMR = 0x15e
                    0x01c0                  QEI1CON = 0x1c0
                    0x01c0                  _QEI1CON = 0x1c0
                    0x01c0                  _QEI1CONbits = 0x1c0
                    0x01c2                  QEI1IOC = 0x1c2
                    0x01c2                  _QEI1IOC = 0x1c2
                    0x01c2                  _QEI1IOCbits = 0x1c2
                    0x01c4                  QEI1STAT = 0x1c4
                    0x01c4                  _QEI1STAT = 0x1c4
                    0x01c4                  _QEI1STATbits = 0x1c4
                    0x01c6                  POS1CNTL = 0x1c6
                    0x01c6                  _POS1CNTL = 0x1c6
                    0x01c8                  POS1CNTH = 0x1c8
                    0x01c8                  _POS1CNTH = 0x1c8
                    0x01ca                  POS1HLD = 0x1ca
                    0x01ca                  _POS1HLD = 0x1ca
                    0x01cc                  VEL1CNT = 0x1cc
                    0x01cc                  _VEL1CNT = 0x1cc
                    0x01ce                  INT1TMRL = 0x1ce
                    0x01ce                  _INT1TMRL = 0x1ce
                    0x01d0                  INT1TMRH = 0x1d0
                    0x01d0                  _INT1TMRH = 0x1d0
                    0x01d2                  INT1HLDL = 0x1d2
                    0x01d2                  _INT1HLDL = 0x1d2
                    0x01d4                  INT1HLDH = 0x1d4
                    0x01d4                  _INT1HLDH = 0x1d4
                    0x01d6                  INDX1CNTL = 0x1d6
                    0x01d6                  _INDX1CNTL = 0x1d6
                    0x01d8                  INDX1CNTH = 0x1d8
                    0x01d8                  _INDX1CNTH = 0x1d8
                    0x01da                  INDX1HLD = 0x1da
                    0x01da                  _INDX1HLD = 0x1da
                    0x01dc                  QEI1GECL = 0x1dc
                    0x01dc                  _QEI1GECL = 0x1dc
                    0x01dc                  QEI1ICL = 0x1dc
                    0x01dc                  _QEI1ICL = 0x1dc
                    0x01de                  QEI1GECH = 0x1de
                    0x01de                  _QEI1GECH = 0x1de
                    0x01de                  QEI1ICH = 0x1de
                    0x01de                  _QEI1ICH = 0x1de
                    0x01e0                  QEI1LECL = 0x1e0
                    0x01e0                  _QEI1LECL = 0x1e0
                    0x01e2                  QEI1LECH = 0x1e2
                    0x01e2                  _QEI1LECH = 0x1e2
                    0x0200                  I2C1RCV = 0x200
                    0x0200                  _I2C1RCV = 0x200
                    0x0202                  I2C1TRN = 0x202
                    0x0202                  _I2C1TRN = 0x202
                    0x0204                  I2C1BRG = 0x204
                    0x0204                  _I2C1BRG = 0x204
                    0x0206                  I2C1CON = 0x206
                    0x0206                  _I2C1CON = 0x206
                    0x0206                  _I2C1CONbits = 0x206
                    0x0208                  I2C1STAT = 0x208
                    0x0208                  _I2C1STAT = 0x208
                    0x0208                  _I2C1STATbits = 0x208
                    0x020a                  I2C1ADD = 0x20a
                    0x020a                  _I2C1ADD = 0x20a
                    0x020c                  I2C1MSK = 0x20c
                    0x020c                  _I2C1MSK = 0x20c
                    0x0210                  I2C2RCV = 0x210
                    0x0210                  _I2C2RCV = 0x210
                    0x0212                  I2C2TRN = 0x212
                    0x0212                  _I2C2TRN = 0x212
                    0x0214                  I2C2BRG = 0x214
                    0x0214                  _I2C2BRG = 0x214
                    0x0216                  I2C2CON = 0x216
                    0x0216                  _I2C2CON = 0x216
                    0x0216                  _I2C2CONbits = 0x216
                    0x0218                  I2C2STAT = 0x218
                    0x0218                  _I2C2STAT = 0x218
                    0x0218                  _I2C2STATbits = 0x218
                    0x021a                  I2C2ADD = 0x21a
                    0x021a                  _I2C2ADD = 0x21a
                    0x021c                  I2C2MSK = 0x21c
                    0x021c                  _I2C2MSK = 0x21c
                    0x0220                  U1MODE = 0x220
                    0x0220                  _U1MODE = 0x220
                    0x0220                  _U1MODEbits = 0x220
                    0x0222                  U1STA = 0x222
                    0x0222                  _U1STA = 0x222
                    0x0222                  _U1STAbits = 0x222
                    0x0224                  U1TXREG = 0x224
                    0x0224                  _U1TXREG = 0x224
                    0x0226                  U1RXREG = 0x226
                    0x0226                  _U1RXREG = 0x226
                    0x0228                  U1BRG = 0x228
                    0x0228                  _U1BRG = 0x228
                    0x0230                  U2MODE = 0x230
                    0x0230                  _U2MODE = 0x230
                    0x0230                  _U2MODEbits = 0x230
                    0x0232                  U2STA = 0x232
                    0x0232                  _U2STA = 0x232
                    0x0232                  _U2STAbits = 0x232
                    0x0234                  U2TXREG = 0x234
                    0x0234                  _U2TXREG = 0x234
                    0x0236                  U2RXREG = 0x236
                    0x0236                  _U2RXREG = 0x236
                    0x0238                  U2BRG = 0x238
                    0x0238                  _U2BRG = 0x238
                    0x0240                  SPI1STAT = 0x240
                    0x0240                  _SPI1STAT = 0x240
                    0x0240                  _SPI1STATbits = 0x240
                    0x0242                  SPI1CON1 = 0x242
                    0x0242                  _SPI1CON1 = 0x242
                    0x0242                  _SPI1CON1bits = 0x242
                    0x0244                  SPI1CON2 = 0x244
                    0x0244                  _SPI1CON2 = 0x244
                    0x0244                  _SPI1CON2bits = 0x244
                    0x0248                  SPI1BUF = 0x248
                    0x0248                  _SPI1BUF = 0x248
                    0x0260                  SPI2STAT = 0x260
                    0x0260                  _SPI2STAT = 0x260
                    0x0260                  _SPI2STATbits = 0x260
                    0x0262                  SPI2CON1 = 0x262
                    0x0262                  _SPI2CON1 = 0x262
                    0x0262                  _SPI2CON1bits = 0x262
                    0x0264                  SPI2CON2 = 0x264
                    0x0264                  _SPI2CON2 = 0x264
                    0x0264                  _SPI2CON2bits = 0x264
                    0x0268                  SPI2BUF = 0x268
                    0x0268                  _SPI2BUF = 0x268
                    0x0300                  ADC1BUF0 = 0x300
                    0x0300                  _ADC1BUF0 = 0x300
                    0x0302                  ADC1BUF1 = 0x302
                    0x0302                  _ADC1BUF1 = 0x302
                    0x0304                  ADC1BUF2 = 0x304
                    0x0304                  _ADC1BUF2 = 0x304
                    0x0306                  ADC1BUF3 = 0x306
                    0x0306                  _ADC1BUF3 = 0x306
                    0x0308                  ADC1BUF4 = 0x308
                    0x0308                  _ADC1BUF4 = 0x308
                    0x030a                  ADC1BUF5 = 0x30a
                    0x030a                  _ADC1BUF5 = 0x30a
                    0x030c                  ADC1BUF6 = 0x30c
                    0x030c                  _ADC1BUF6 = 0x30c
                    0x030e                  ADC1BUF7 = 0x30e
                    0x030e                  _ADC1BUF7 = 0x30e
                    0x0310                  ADC1BUF8 = 0x310
                    0x0310                  _ADC1BUF8 = 0x310
                    0x0312                  ADC1BUF9 = 0x312
                    0x0312                  _ADC1BUF9 = 0x312
                    0x0314                  ADC1BUFA = 0x314
                    0x0314                  _ADC1BUFA = 0x314
                    0x0316                  ADC1BUFB = 0x316
                    0x0316                  _ADC1BUFB = 0x316
                    0x0318                  ADC1BUFC = 0x318
                    0x0318                  _ADC1BUFC = 0x318
                    0x031a                  ADC1BUFD = 0x31a
                    0x031a                  _ADC1BUFD = 0x31a
                    0x031c                  ADC1BUFE = 0x31c
                    0x031c                  _ADC1BUFE = 0x31c
                    0x031e                  ADC1BUFF = 0x31e
                    0x031e                  _ADC1BUFF = 0x31e
                    0x0320                  AD1CON1 = 0x320
                    0x0320                  _AD1CON1 = 0x320
                    0x0320                  _AD1CON1bits = 0x320
                    0x0322                  AD1CON2 = 0x322
                    0x0322                  _AD1CON2 = 0x322
                    0x0322                  _AD1CON2bits = 0x322
                    0x0324                  AD1CON3 = 0x324
                    0x0324                  _AD1CON3 = 0x324
                    0x0324                  _AD1CON3bits = 0x324
                    0x0326                  AD1CHS123 = 0x326
                    0x0326                  _AD1CHS123 = 0x326
                    0x0326                  _AD1CHS123bits = 0x326
                    0x0328                  AD1CHS0 = 0x328
                    0x0328                  _AD1CHS0 = 0x328
                    0x0328                  _AD1CHS0bits = 0x328
                    0x032e                  AD1CSSH = 0x32e
                    0x032e                  _AD1CSSH = 0x32e
                    0x032e                  _AD1CSSHbits = 0x32e
                    0x0330                  AD1CSSL = 0x330
                    0x0330                  _AD1CSSL = 0x330
                    0x0330                  _AD1CSSLbits = 0x330
                    0x0332                  AD1CON4 = 0x332
                    0x0332                  _AD1CON4 = 0x332
                    0x0332                  _AD1CON4bits = 0x332
                    0x033a                  CTMUCON1 = 0x33a
                    0x033a                  _CTMUCON1 = 0x33a
                    0x033a                  _CTMUCON1bits = 0x33a
                    0x033c                  CTMUCON2 = 0x33c
                    0x033c                  _CTMUCON2 = 0x33c
                    0x033c                  _CTMUCON2bits = 0x33c
                    0x033e                  CTMUICON = 0x33e
                    0x033e                  _CTMUICON = 0x33e
                    0x033e                  _CTMUICONbits = 0x33e
                    0x0400                  C1CTRL1 = 0x400
                    0x0400                  _C1CTRL1 = 0x400
                    0x0400                  _C1CTRL1bits = 0x400
                    0x0402                  C1CTRL2 = 0x402
                    0x0402                  _C1CTRL2 = 0x402
                    0x0402                  _C1CTRL2bits = 0x402
                    0x0404                  C1VEC = 0x404
                    0x0404                  _C1VEC = 0x404
                    0x0404                  _C1VECbits = 0x404
                    0x0406                  C1FCTRL = 0x406
                    0x0406                  _C1FCTRL = 0x406
                    0x0406                  _C1FCTRLbits = 0x406
                    0x0408                  C1FIFO = 0x408
                    0x0408                  _C1FIFO = 0x408
                    0x0408                  _C1FIFObits = 0x408
                    0x040a                  C1INTF = 0x40a
                    0x040a                  _C1INTF = 0x40a
                    0x040a                  _C1INTFbits = 0x40a
                    0x040c                  C1INTE = 0x40c
                    0x040c                  _C1INTE = 0x40c
                    0x040c                  _C1INTEbits = 0x40c
                    0x040e                  C1EC = 0x40e
                    0x040e                  _C1EC = 0x40e
                    0x040e                  _C1ECbits = 0x40e
                    0x040e                  C1RERRCNT = 0x40e
                    0x040e                  _C1RERRCNT = 0x40e
                    0x040f                  C1TERRCNT = 0x40f
                    0x040f                  _C1TERRCNT = 0x40f
                    0x0410                  C1CFG1 = 0x410
                    0x0410                  _C1CFG1 = 0x410
                    0x0410                  _C1CFG1bits = 0x410
                    0x0412                  C1CFG2 = 0x412
                    0x0412                  _C1CFG2 = 0x412
                    0x0412                  _C1CFG2bits = 0x412
                    0x0414                  C1FEN1 = 0x414
                    0x0414                  _C1FEN1 = 0x414
                    0x0414                  _C1FEN1bits = 0x414
                    0x0418                  C1FMSKSEL1 = 0x418
                    0x0418                  _C1FMSKSEL1 = 0x418
                    0x0418                  _C1FMSKSEL1bits = 0x418
                    0x041a                  C1FMSKSEL2 = 0x41a
                    0x041a                  _C1FMSKSEL2 = 0x41a
                    0x041a                  _C1FMSKSEL2bits = 0x41a
                    0x0420                  C1BUFPNT1 = 0x420
                    0x0420                  _C1BUFPNT1 = 0x420
                    0x0420                  _C1BUFPNT1bits = 0x420
                    0x0420                  C1RXFUL1 = 0x420
                    0x0420                  _C1RXFUL1 = 0x420
                    0x0420                  _C1RXFUL1bits = 0x420
                    0x0422                  C1BUFPNT2 = 0x422
                    0x0422                  _C1BUFPNT2 = 0x422
                    0x0422                  _C1BUFPNT2bits = 0x422
                    0x0422                  C1RXFUL2 = 0x422
                    0x0422                  _C1RXFUL2 = 0x422
                    0x0422                  _C1RXFUL2bits = 0x422
                    0x0424                  C1BUFPNT3 = 0x424
                    0x0424                  _C1BUFPNT3 = 0x424
                    0x0424                  _C1BUFPNT3bits = 0x424
                    0x0426                  C1BUFPNT4 = 0x426
                    0x0426                  _C1BUFPNT4 = 0x426
                    0x0426                  _C1BUFPNT4bits = 0x426
                    0x0428                  C1RXOVF1 = 0x428
                    0x0428                  _C1RXOVF1 = 0x428
                    0x0428                  _C1RXOVF1bits = 0x428
                    0x042a                  C1RXOVF2 = 0x42a
                    0x042a                  _C1RXOVF2 = 0x42a
                    0x042a                  _C1RXOVF2bits = 0x42a
                    0x0430                  C1RXM0SID = 0x430
                    0x0430                  _C1RXM0SID = 0x430
                    0x0430                  _C1RXM0SIDbits = 0x430
                    0x0430                  C1TR01CON = 0x430
                    0x0430                  _C1TR01CON = 0x430
                    0x0430                  _C1TR01CONbits = 0x430
                    0x0432                  C1RXM0EID = 0x432
                    0x0432                  _C1RXM0EID = 0x432
                    0x0432                  _C1RXM0EIDbits = 0x432
                    0x0432                  C1TR23CON = 0x432
                    0x0432                  _C1TR23CON = 0x432
                    0x0432                  _C1TR23CONbits = 0x432
                    0x0434                  C1RXM1SID = 0x434
                    0x0434                  _C1RXM1SID = 0x434
                    0x0434                  _C1RXM1SIDbits = 0x434
                    0x0434                  C1TR45CON = 0x434
                    0x0434                  _C1TR45CON = 0x434
                    0x0434                  _C1TR45CONbits = 0x434
                    0x0436                  C1RXM1EID = 0x436
                    0x0436                  _C1RXM1EID = 0x436
                    0x0436                  _C1RXM1EIDbits = 0x436
                    0x0436                  C1TR67CON = 0x436
                    0x0436                  _C1TR67CON = 0x436
                    0x0436                  _C1TR67CONbits = 0x436
                    0x0438                  C1RXM2SID = 0x438
                    0x0438                  _C1RXM2SID = 0x438
                    0x0438                  _C1RXM2SIDbits = 0x438
                    0x043a                  C1RXM2EID = 0x43a
                    0x043a                  _C1RXM2EID = 0x43a
                    0x043a                  _C1RXM2EIDbits = 0x43a
                    0x0440                  C1RXD = 0x440
                    0x0440                  _C1RXD = 0x440
                    0x0440                  C1RXF0SID = 0x440
                    0x0440                  _C1RXF0SID = 0x440
                    0x0440                  _C1RXF0SIDbits = 0x440
                    0x0442                  C1RXF0EID = 0x442
                    0x0442                  _C1RXF0EID = 0x442
                    0x0442                  _C1RXF0EIDbits = 0x442
                    0x0442                  C1TXD = 0x442
                    0x0442                  _C1TXD = 0x442
                    0x0444                  C1RXF1SID = 0x444
                    0x0444                  _C1RXF1SID = 0x444
                    0x0444                  _C1RXF1SIDbits = 0x444
                    0x0446                  C1RXF1EID = 0x446
                    0x0446                  _C1RXF1EID = 0x446
                    0x0446                  _C1RXF1EIDbits = 0x446
                    0x0448                  C1RXF2SID = 0x448
                    0x0448                  _C1RXF2SID = 0x448
                    0x0448                  _C1RXF2SIDbits = 0x448
                    0x044a                  C1RXF2EID = 0x44a
                    0x044a                  _C1RXF2EID = 0x44a
                    0x044a                  _C1RXF2EIDbits = 0x44a
                    0x044c                  C1RXF3SID = 0x44c
                    0x044c                  _C1RXF3SID = 0x44c
                    0x044c                  _C1RXF3SIDbits = 0x44c
                    0x044e                  C1RXF3EID = 0x44e
                    0x044e                  _C1RXF3EID = 0x44e
                    0x044e                  _C1RXF3EIDbits = 0x44e
                    0x0450                  C1RXF4SID = 0x450
                    0x0450                  _C1RXF4SID = 0x450
                    0x0450                  _C1RXF4SIDbits = 0x450
                    0x0452                  C1RXF4EID = 0x452
                    0x0452                  _C1RXF4EID = 0x452
                    0x0452                  _C1RXF4EIDbits = 0x452
                    0x0454                  C1RXF5SID = 0x454
                    0x0454                  _C1RXF5SID = 0x454
                    0x0454                  _C1RXF5SIDbits = 0x454
                    0x0456                  C1RXF5EID = 0x456
                    0x0456                  _C1RXF5EID = 0x456
                    0x0456                  _C1RXF5EIDbits = 0x456
                    0x0458                  C1RXF6SID = 0x458
                    0x0458                  _C1RXF6SID = 0x458
                    0x0458                  _C1RXF6SIDbits = 0x458
                    0x045a                  C1RXF6EID = 0x45a
                    0x045a                  _C1RXF6EID = 0x45a
                    0x045a                  _C1RXF6EIDbits = 0x45a
                    0x045c                  C1RXF7SID = 0x45c
                    0x045c                  _C1RXF7SID = 0x45c
                    0x045c                  _C1RXF7SIDbits = 0x45c
                    0x045e                  C1RXF7EID = 0x45e
                    0x045e                  _C1RXF7EID = 0x45e
                    0x045e                  _C1RXF7EIDbits = 0x45e
                    0x0460                  C1RXF8SID = 0x460
                    0x0460                  _C1RXF8SID = 0x460
                    0x0460                  _C1RXF8SIDbits = 0x460
                    0x0462                  C1RXF8EID = 0x462
                    0x0462                  _C1RXF8EID = 0x462
                    0x0462                  _C1RXF8EIDbits = 0x462
                    0x0464                  C1RXF9SID = 0x464
                    0x0464                  _C1RXF9SID = 0x464
                    0x0464                  _C1RXF9SIDbits = 0x464
                    0x0466                  C1RXF9EID = 0x466
                    0x0466                  _C1RXF9EID = 0x466
                    0x0466                  _C1RXF9EIDbits = 0x466
                    0x0468                  C1RXF10SID = 0x468
                    0x0468                  _C1RXF10SID = 0x468
                    0x0468                  _C1RXF10SIDbits = 0x468
                    0x046a                  C1RXF10EID = 0x46a
                    0x046a                  _C1RXF10EID = 0x46a
                    0x046a                  _C1RXF10EIDbits = 0x46a
                    0x046c                  C1RXF11SID = 0x46c
                    0x046c                  _C1RXF11SID = 0x46c
                    0x046c                  _C1RXF11SIDbits = 0x46c
                    0x046e                  C1RXF11EID = 0x46e
                    0x046e                  _C1RXF11EID = 0x46e
                    0x046e                  _C1RXF11EIDbits = 0x46e
                    0x0470                  C1RXF12SID = 0x470
                    0x0470                  _C1RXF12SID = 0x470
                    0x0470                  _C1RXF12SIDbits = 0x470
                    0x0472                  C1RXF12EID = 0x472
                    0x0472                  _C1RXF12EID = 0x472
                    0x0472                  _C1RXF12EIDbits = 0x472
                    0x0474                  C1RXF13SID = 0x474
                    0x0474                  _C1RXF13SID = 0x474
                    0x0474                  _C1RXF13SIDbits = 0x474
                    0x0476                  C1RXF13EID = 0x476
                    0x0476                  _C1RXF13EID = 0x476
                    0x0476                  _C1RXF13EIDbits = 0x476
                    0x0478                  C1RXF14SID = 0x478
                    0x0478                  _C1RXF14SID = 0x478
                    0x0478                  _C1RXF14SIDbits = 0x478
                    0x047a                  C1RXF14EID = 0x47a
                    0x047a                  _C1RXF14EID = 0x47a
                    0x047a                  _C1RXF14EIDbits = 0x47a
                    0x047c                  C1RXF15SID = 0x47c
                    0x047c                  _C1RXF15SID = 0x47c
                    0x047c                  _C1RXF15SIDbits = 0x47c
                    0x047e                  C1RXF15EID = 0x47e
                    0x047e                  _C1RXF15EID = 0x47e
                    0x047e                  _C1RXF15EIDbits = 0x47e
                    0x0640                  CRCCON1 = 0x640
                    0x0640                  _CRCCON1 = 0x640
                    0x0640                  _CRCCON1bits = 0x640
                    0x0642                  CRCCON2 = 0x642
                    0x0642                  _CRCCON2 = 0x642
                    0x0642                  _CRCCON2bits = 0x642
                    0x0644                  CRCXORL = 0x644
                    0x0644                  _CRCXORL = 0x644
                    0x0644                  _CRCXORLbits = 0x644
                    0x0646                  CRCXORH = 0x646
                    0x0646                  _CRCXORH = 0x646
                    0x0646                  _CRCXORHbits = 0x646
                    0x0648                  CRCDAT = 0x648
                    0x0648                  _CRCDAT = 0x648
                    0x0648                  CRCDATL = 0x648
                    0x0648                  _CRCDATL = 0x648
                    0x064a                  CRCDATH = 0x64a
                    0x064a                  _CRCDATH = 0x64a
                    0x064c                  CRCWDAT = 0x64c
                    0x064c                  _CRCWDAT = 0x64c
                    0x064c                  CRCWDATL = 0x64c
                    0x064c                  _CRCWDATL = 0x64c
                    0x064e                  CRCWDATH = 0x64e
                    0x064e                  _CRCWDATH = 0x64e
                    0x0680                  RPOR0 = 0x680
                    0x0680                  _RPOR0 = 0x680
                    0x0680                  _RPOR0bits = 0x680
                    0x0682                  RPOR1 = 0x682
                    0x0682                  _RPOR1 = 0x682
                    0x0682                  _RPOR1bits = 0x682
                    0x0684                  RPOR2 = 0x684
                    0x0684                  _RPOR2 = 0x684
                    0x0684                  _RPOR2bits = 0x684
                    0x0686                  RPOR3 = 0x686
                    0x0686                  _RPOR3 = 0x686
                    0x0686                  _RPOR3bits = 0x686
                    0x0688                  RPOR4 = 0x688
                    0x0688                  _RPOR4 = 0x688
                    0x0688                  _RPOR4bits = 0x688
                    0x068a                  RPOR5 = 0x68a
                    0x068a                  _RPOR5 = 0x68a
                    0x068a                  _RPOR5bits = 0x68a
                    0x068c                  RPOR6 = 0x68c
                    0x068c                  _RPOR6 = 0x68c
                    0x068c                  _RPOR6bits = 0x68c
                    0x068e                  RPOR7 = 0x68e
                    0x068e                  _RPOR7 = 0x68e
                    0x068e                  _RPOR7bits = 0x68e
                    0x0690                  RPOR8 = 0x690
                    0x0690                  _RPOR8 = 0x690
                    0x0690                  _RPOR8bits = 0x690
                    0x0692                  RPOR9 = 0x692
                    0x0692                  _RPOR9 = 0x692
                    0x0692                  _RPOR9bits = 0x692
                    0x06a0                  RPINR0 = 0x6a0
                    0x06a0                  _RPINR0 = 0x6a0
                    0x06a0                  _RPINR0bits = 0x6a0
                    0x06a2                  RPINR1 = 0x6a2